D01 D01_DeepShortKick.wav 91 KB
D02 D02_DryBodySnare.wav 63 KB
D03 D03_SkinRim.wav 31 KB
D04 D04_ClosedSteelHat.wav 18 KB
D05 D05_OpenDustHat.wav 68 KB
D06 D06_SoftShake.wav 31 KB
D07 D07_BrokenClap.wav 53 KB
D08 D08_LowOrganicTom.wav 84 KB
D09 D09_ThinWoodKnock.wav 31 KB
D10 D10_MetalRimTick.wav 35 KB
D11 D11_BrushScrape.wav 98 KB
D12 D12_MutedThud.wav 63 KB
F01 F01_RelayClick.wav 28 KB
F02 F02_ElectricalCrack.wav 59 KB
F03 F03_RatchetBurst.wav 106 KB
F04 F04_WireScrape.wav 183 KB
F05 F05_BandlimitedSpark.wav 77 KB
F06 F06_ShortCircuitStutter.wav 176 KB
F07 F07_ReverseMetalSwell.wav 281 KB
F08 F08_CableResonance.wav 225 KB
F09 F09_StaticDropout.wav 197 KB
F10 F10_AirShiver.wav 352 KB
F11 F11_SubImpact_D1.wav 169 KB
F12 F12_TapeStopGesture.wav 155 KB
N01 N01_Sub_D2.wav 142 KB
N02 N02_Sub_E2.wav 142 KB
N03 N03_Sub_Fsharp1.wav 170 KB
N04 N04_Sub_A1.wav 142 KB
N05 N05_Tine_D4.wav 293 KB
N06 N06_Glass_A4.wav 394 KB
N07 N07_MutedKey_E4.wav 229 KB
N08 N08_MetalTone_D3.wav 288 KB
N09 N09_SyntheticString_E3.wav 211 KB
L01 L01_Drums_Broken_96_4bars.wav 1406 KB
L02 L02_Perc_Machine_96_4bars.wav 2813 KB
L03 L03_Sub_Dm_96_8bars.wav 2813 KB
L04 L04_Tines_Dm_96_8bars.wav 5625 KB
L05 L05_Pad_Thin_Dm_96_4bars.wav 2813 KB
L06 L06_ElectricalBed_96_4bars.wav 2813 KB
L07 L07_Drums_Organic_90_4bars.wav 1500 KB
L08 L08_Sub_Em_102_4bars.wav 1324 KB
L09 L09_Keys_Em_102_4bars.wav 2647 KB
L10 L10_SyntheticString_Em_102_4bars.wav 2647 KB
L11 L11_Glass_Fsm_100_4bars.wav 2700 KB
L12 L12_Perc_Omissions_100_4bars.wav 2700 KB
S01 S01_ArtPop_Dm_96_4bars.wav 2813 KB
S02 S02_IndiePulse_Em_102_4bars.wav 2647 KB
S03 S03_IndustrialGlass_Fsm_100_4bars.wav 2700 KB
DONE 60 media assets 43.60277557373047 MiB
